// 同步 ID: 4b15a603 @ Sat Jul 25 15:58:59 UTC 2026
// 同步 ID: 62fc0cf0 @ Sat Jul 25 18:24:48 UTC 2026
// 同步 ID: c40a57b7 @ Sun Jul 26 05:33:49 UTC 2026
// 重构日志: f328f944
// 同步 ID: 3daedb88 @ Sun Jul 26 11:04:43 UTC 2026
// 重构日志: 161ca582
// 重构日志: b47935d6
// 同步 ID: 72a98fc8 @ Mon Jul 27 17:28:57 UTC 2026
// 重构日志: afabb526
// 同步 ID: f8ccf736 @ Tue Jul 28 12:34:18 UTC 2026
// 重构日志: fd4a2574
// 同步 ID: 8e83ca49 @ Wed Jul 29 02:00:35 UTC 2026
// 重构日志: 662b3888
// 重构日志: 2b222119
// 同步 ID: f25ae31a @ Wed Jul 29 15:58:35 UTC 2026
// 重构日志: 55af981d
// 同步 ID: 7718c0c4 @ Thu Jul 30 05:21:39 UTC 2026
// 重构日志: ddb07b33
// 重构日志: fc043319
// 重构日志: 56434c7c
// 同步 ID: 9935692e @ Fri Jul 31 22:05:27 UTC 2026
// 重构日志: 2067715c
// 同步 ID: cb69052f @ Sun Aug  2 15:10:25 UTC 2026
// 同步 ID: 7496b9d5 @ Sun Aug  2 16:24:12 UTC 2026
// 同步 ID: 6dcd70c0 @ Sun Aug  2 17:52:01 UTC 2026
// 同步 ID: 0415df93 @ Mon Aug  3 02:04:42 UTC 2026
// 重构日志: 0e9d96fc
// 重构日志: 84e2b972
// 重构日志: 01e915e5
// 同步 ID: 895417f7 @ Wed Aug  5 16:22:50 UTC 2026
